
> hitm-website@0.1.0 build
> next build

  Γû▓ Next.js 14.2.35
  - Environments: .env.local

   Creating an optimized production build ...
npm : Failed to compile.
At line:1 char:1
+ npm run build > build_output.log 2>&1 ; 
Get-Content build_output.log  ...
+ ~~~~~~~~~~~~~~~~~~~~~~~~~~~~~~~~~~~~~
    + CategoryInfo          : NotSpecified: (F 
   ailed to compile.:String) [], RemoteExcept  
  ion
    + FullyQualifiedErrorId : NativeCommandErr 
   or
 

./src/app/admissions/brochure/page.jsx
Module not found: Can't resolve 
'@/components/UnderDevelopment'

https://nextjs.org/docs/messages/module-not-fou
nd


> Build failed because of webpack errors
